Microchip MPLAB XC8 Compiler V1.21 ()

Linker command line:

--edf=C:\Program Files (x86)\Microchip\xc8\v1.21\dat\en_msgs.txt -cs \
  -h+dist/XC8_18F8722/production\Modbus-Slave-for-PIC18F.production.sym \
  --cmf=dist/XC8_18F8722/production\Modbus-Slave-for-PIC18F.production.cmf \
  -z -Q18F8722 -oC:\Users\Sam\AppData\Local\Temp\sapc.6 \
  -Mdist/XC8_18F8722/production/Modbus-Slave-for-PIC18F.production.map -E1 \
  -ver=XC8 -ACODE=00h-01FFFFh -ACONST=00h-01FFFFh \
  -ASMALLCONST=01000h-010FFhx496 \
  -AMEDIUMCONST=01000h-0FFFFh,011000h-01FFFFh -ACOMRAM=01h-05Fh \
  -AABS1=00h-0F5Fh -ABIGRAM=01h-0F5Fh \
  -ARAM=060h-0FFh,0100h-01FFhx14,0F00h-0F5Fh -ABANK0=060h-0FFh \
  -ABANK1=0100h-01FFh -ABANK2=0200h-02FFh -ABANK3=0300h-03FFh \
  -ABANK4=0400h-04FFh -ABANK5=0500h-05FFh -ABANK6=0600h-06FFh \
  -ABANK7=0700h-07FFh -ABANK8=0800h-08FFh -ABANK9=0900h-09FFh \
  -ABANK10=0A00h-0AFFh -ABANK11=0B00h-0BFFh -ABANK12=0C00h-0CFFh \
  -ABANK13=0D00h-0DFFh -ABANK14=0E00h-0EFFh -ABANK15=0F00h-0F5Fh \
  -ASFR=0F60h-0FFFh \
  -preset_vec=00h,intcode=08h,intcodelo,powerup,init,end_init \
  -pramtop=01000h -psmallconst=SMALLCONST -pmediumconst=MEDIUMCONST \
  -pconst=CONST -AFARRAM=00h-00h -ACONFIG=0300000h-030000Dh -pconfig=CONFIG \
  -AIDLOC=0200000h-0200007h -pidloc=IDLOC -AEEDATA=0F00000h-0F003FFh \
  -peeprom_data=EEDATA \
  -prdata=COMRAM,nvrram=COMRAM,nvbit=COMRAM,rbss=COMRAM,rbit=COMRAM \
  -pfarbss=FARRAM,fardata=FARRAM,nvFARRAM=FARRAM \
  -pintsave_regs=BIGRAM,bigbss=BIGRAM,bigdata=BIGRAM -pbss=RAM \
  -pidata=CODE,irdata=CODE,ibigdata=CODE,ifardata=CODE \
  C:\Users\Sam\AppData\Local\Temp\sapc.obj \
  dist/XC8_18F8722/production\Modbus-Slave-for-PIC18F.production.obj 

Object code version is 3.11

Machine type is 18F8722

Call graph: (short form)




                Name                               Link     Load   Length Selector   Space Scale
C:\Users\Sam\AppData\Local\Temp\sapc.obj
                end_init                             14       14        4        4       0
                reset_vec                             0        0        4        0       0
                idloc                            200000   200000        8   200000       0
                config                           300000   300000        E   300000       0
dist/XC8_18F8722/production\Modbus-Slave-for-PIC18F.production.obj
                intcode                               8        8        C        4       0
                text17                             113E     113E       18        4       0
                text16                             1162     1162        A        4       0
                intcode_body                        A12      A12      164        4       0
                text14                             1156     1156        C        4       0
                text13                             1046     1046       6C        4       0
                text12                             116C     116C        8        4       0
                text11                              DD4      DD4      106        4       0
                text10                             10F8     10F8       2C        4       0
                text9                               EDA      EDA       CC        4       0
                text8                               242      242      22A        4       0
                text7                                18       18      22A        4       0
                text6                               654      654      1E8        4       0
                text5                               46C      46C      1E8        4       0
                text4                               B76      B76      136        4       0
                text3                               CAC      CAC      128        4       0
                text2                               83C      83C      1D6        4       0
                text1                               FA6      FA6       A0        4       0
                text0                              1124     1124       1A        4       0
                cstackCOMRAM                          1        1       3A        1       1
                bssBANK2                            200      200       32      200       1
                bssBANK1                            100      100       E1      100       1
                bssBANK0                             60       60       7D       60       1
                dataCOMRAM                           40       40        1        1       1
                bssCOMRAM                            3B       3B        5        1       1
                cinit                              10B2     10B2       46        4       0
                idataCOMRAM                        1174     1174        1        4       0

TOTAL           Name                               Link     Load   Length     Space
        CLASS   CODE           
                end_init                             14       14        4         0
                intcode                               8        8        C         0
                reset_vec                             0        0        4         0
                text17                             113E     113E       18         0
                text16                             1162     1162        A         0
                intcode_body                        A12      A12      164         0
                text14                             1156     1156        C         0
                text13                             1046     1046       6C         0
                text12                             116C     116C        8         0
                text11                              DD4      DD4      106         0
                text10                             10F8     10F8       2C         0
                text9                               EDA      EDA       CC         0
                text8                               242      242      22A         0
                text7                                18       18      22A         0
                text6                               654      654      1E8         0
                text5                               46C      46C      1E8         0
                text4                               B76      B76      136         0
                text3                               CAC      CAC      128         0
                text2                               83C      83C      1D6         0
                text1                               FA6      FA6       A0         0
                text0                              1124     1124       1A         0
                cinit                              10B2     10B2       46         0
                idataCOMRAM                        1174     1174        1         0

        CLASS   CONST          

        CLASS   SMALLCONST     

        CLASS   MEDIUMCONST    

        CLASS   COMRAM         
                cstackCOMRAM                          1        1       3A         1
                dataCOMRAM                           40       40        1         1
                bssCOMRAM                            3B       3B        5         1

        CLASS   ABS1           

        CLASS   BIGRAM         

        CLASS   RAM            

        CLASS   BANK0          
                bssBANK0                             60       60       7D         1

        CLASS   BANK1          
                bssBANK1                            100      100       E1         1

        CLASS   BANK2          
                bssBANK2                            200      200       32         1

        CLASS   BANK3          

        CLASS   BANK4          

        CLASS   BANK5          

        CLASS   BANK6          

        CLASS   BANK7          

        CLASS   BANK8          

        CLASS   BANK9          

        CLASS   BANK10         

        CLASS   BANK11         

        CLASS   BANK12         

        CLASS   BANK13         

        CLASS   BANK14         

        CLASS   BANK15         

        CLASS   SFR            

        CLASS   FARRAM         

        CLASS   CONFIG         
                config                           300000   300000        E         0

        CLASS   IDLOC          
                idloc                            200000   200000        8         0

        CLASS   EEDATA         



SEGMENTS        Name                           Load    Length   Top    Selector   Space  Class

                reset_vec                      000000  000004  000004         0       0  CODE    
                cstackCOMRAM                   000001  000040  000041         1       1  COMRAM  
                intcode                        000008  00116D  001175         4       0  CODE    
                bssBANK0                       000060  00007D  0000DD        60       1  BANK0   
                bssBANK1                       000100  0000E1  0001E1       100       1  BANK1   
                bssBANK2                       000200  000032  000232       200       1  BANK2   
                idloc                          200000  000008  200008    200000       0  IDLOC   
                config                         300000  00000E  30000E    300000       0  CONFIG  


UNUSED ADDRESS RANGES

        Name                Unused          Largest block    Delta
        BANK0            0000DD-0000FF               23
        BANK1            0001E1-0001FF               1F
        BANK10           000A00-000AFF              100
        BANK11           000B00-000BFF              100
        BANK12           000C00-000CFF              100
        BANK13           000D00-000DFF              100
        BANK14           000E00-000EFF              100
        BANK15           000F00-000F5F               60
        BANK2            000232-0002FF               CE
        BANK3            000300-0003FF              100
        BANK4            000400-0004FF              100
        BANK5            000500-0005FF              100
        BANK6            000600-0006FF              100
        BANK7            000700-0007FF              100
        BANK8            000800-0008FF              100
        BANK9            000900-0009FF              100
        BIGRAM           000041-00005F               1F
                         0000DD-0000FF               23
                         0001E1-0001FF               1F
                         000232-000F5F              D2E
        CODE             000004-000007                4
                         001175-01FFFF            1EE8B
        COMRAM           000041-00005F               1F
        CONST            000004-000007                4
                         001175-01FFFF            1EE8B
        EEDATA           F00000-F003FF              400
        MEDIUMCONST      001175-00FFFF             EE8B
                         011000-01FFFF             F000
        RAM              0000DD-0000FF               23
                         0001E1-0001FF               1F
                         000232-000F5F              100
        SFR              000F60-000FFF               A0
        SMALLCONST       001175-01FFFF              100

                                  Symbol Table

?_generateCRC                     cstackCOMRAM 00000F
OpnUSART@spbrg                    cstackCOMRAM 000010
_BAUDCON1bits                     (abs)        000F7E
_ClsUSART                         text14       001156
_ConfigInterrupts                 text12       00116C
_INTCONbits                       (abs)        000FF2
_LATCbits                         (abs)        000F8B
_LATF                             (abs)        000F8E
_OpenTmr0                         text17       00113E
_OpnUSART                         text13       001046
_PIE1                             (abs)        000F9D
_PIE1bits                         (abs)        000F9D
_PIR1bits                         (abs)        000F9E
_RCONbits                         (abs)        000FD0
_RCREG1                           (abs)        000FAE
_RCSTA1                           (abs)        000FAB
_RCSTA1bits                       (abs)        000FAB
_SPBRG                            (abs)        000FAF
_T0CONbits                        (abs)        000FD5
_TMR0H                            (abs)        000FD7
_TMR0L                            (abs)        000FD6
_TRISCbits                        (abs)        000F94
_TRISF                            (abs)        000F97
_TXREG1                           (abs)        000FAD
_TXSTA1                           (abs)        000FAC
_TXSTA1bits                       (abs)        000FAC
__CFG_ADDRBW$ADDR20BIT            (abs)        000000
__CFG_BBSIZ$BB2K                  (abs)        000000
__CFG_BOREN$OFF                   (abs)        000000
__CFG_BORV$3                      (abs)        000000
__CFG_CCP2MX$PORTC                (abs)        000000
__CFG_CP0$OFF                     (abs)        000000
__CFG_CP1$OFF                     (abs)        000000
__CFG_CP2$OFF                     (abs)        000000
__CFG_CP3$OFF                     (abs)        000000
__CFG_CP4$OFF                     (abs)        000000
__CFG_CP5$OFF                     (abs)        000000
__CFG_CP6$OFF                     (abs)        000000
__CFG_CP7$OFF                     (abs)        000000
__CFG_CPB$OFF                     (abs)        000000
__CFG_CPD$OFF                     (abs)        000000
__CFG_DATABW$DATA16BIT            (abs)        000000
__CFG_EBTR0$OFF                   (abs)        000000
__CFG_EBTR1$OFF                   (abs)        000000
__CFG_EBTR2$OFF                   (abs)        000000
__CFG_EBTR3$OFF                   (abs)        000000
__CFG_EBTR4$OFF                   (abs)        000000
__CFG_EBTR5$OFF                   (abs)        000000
__CFG_EBTR6$OFF                   (abs)        000000
__CFG_EBTR7$OFF                   (abs)        000000
__CFG_EBTRB$OFF                   (abs)        000000
__CFG_ECCPMX$PORTE                (abs)        000000
__CFG_FCMEN$OFF                   (abs)        000000
__CFG_IESO$OFF                    (abs)        000000
__CFG_LPT1OSC$OFF                 (abs)        000000
__CFG_LVP$OFF                     (abs)        000000
__CFG_MCLRE$ON                    (abs)        000000
__CFG_MODE$MC                     (abs)        000000
__CFG_OSC$HS                      (abs)        000000
__CFG_PWRT$OFF                    (abs)        000000
__CFG_STVREN$ON                   (abs)        000000
__CFG_WAIT$OFF                    (abs)        000000
__CFG_WDT$OFF                     (abs)        000000
__CFG_WDTPS$32768                 (abs)        000000
__CFG_WRT0$OFF                    (abs)        000000
__CFG_WRT1$OFF                    (abs)        000000
__CFG_WRT2$OFF                    (abs)        000000
__CFG_WRT3$OFF                    (abs)        000000
__CFG_WRT4$OFF                    (abs)        000000
__CFG_WRT5$OFF                    (abs)        000000
__CFG_WRT6$OFF                    (abs)        000000
__CFG_WRT7$OFF                    (abs)        000000
__CFG_WRTB$OFF                    (abs)        000000
__CFG_WRTC$OFF                    (abs)        000000
__CFG_WRTD$OFF                    (abs)        000000
__CFG_XINST$OFF                   (abs)        000000
__HRAM                            (abs)        000000
__Habs1                           abs1         000000
__Hbank0                          bank0        000000
__Hbank1                          bank1        000000
__Hbank10                         bank10       000000
__Hbank11                         bank11       000000
__Hbank12                         bank12       000000
__Hbank13                         bank13       000000
__Hbank14                         bank14       000000
__Hbank15                         bank15       000000
__Hbank2                          bank2        000000
__Hbank3                          bank3        000000
__Hbank4                          bank4        000000
__Hbank5                          bank5        000000
__Hbank6                          bank6        000000
__Hbank7                          bank7        000000
__Hbank8                          bank8        000000
__Hbank9                          bank9        000000
__Hbigbss                         bigbss       000000
__Hbigdata                        bigdata      000000
__Hbigram                         bigram       000000
__Hbss                            bss          000000
__HbssBANK0                       bssBANK0     000000
__HbssBANK1                       bssBANK1     000000
__HbssBANK2                       bssBANK2     000000
__HbssCOMRAM                      bssCOMRAM    000000
__Hcinit                          cinit        000000
__Hclrtext                        clrtext      000000
__Hcomram                         comram       000000
__Hconfig                         config       30000E
__Hconst                          const        000000
__HcstackCOMRAM                   cstackCOMRAM 000000
__Hdata                           data         000000
__HdataCOMRAM                     dataCOMRAM   000000
__Heeprom_data                    eeprom_data  000000
__Hend_init                       end_init     000018
__Hfarbss                         farbss       000000
__Hfardata                        fardata      000000
__Hibigdata                       ibigdata     000000
__Hidata                          idata        000000
__HidataCOMRAM                    idataCOMRAM  000000
__Hidloc                          idloc        200008
__Hifardata                       ifardata     000000
__Hinit                           init         000014
__Hintcode                        intcode      000014
__Hintcode_body                   intcode_body 000000
__Hintcodelo                      intcodelo    000014
__Hintentry                       intentry     000000
__Hintret                         intret       000000
__Hintsave_regs                   intsave_regs 000000
__Hirdata                         irdata       000000
__Hmediumconst                    mediumconst  000000
__HnvFARRAM                       nvFARRAM     000000
__Hnvbit                          nvbit        000000
__Hnvrram                         nvrram       000000
__Hparam                          rparam       000000
__Hpowerup                        powerup      000014
__Hram                            ram          000000
__Hramtop                         ramtop       001000
__Hrbit                           rbit         000000
__Hrbss                           rbss         000000
__Hrdata                          rdata        000000
__Hreset_vec                      reset_vec    000004
__Hrparam                         rparam       000000
__Hsfr                            sfr          000000
__Hsmallconst                     smallconst   000000
__Hstruct                         struct       000000
__Htemp                           temp         000000
__Htext                           text         000000
__Htext0                          text0        000000
__Htext1                          text1        000000
__Htext10                         text10       000000
__Htext11                         text11       000000
__Htext12                         text12       000000
__Htext13                         text13       000000
__Htext14                         text14       000000
__Htext16                         text16       000000
__Htext17                         text17       000000
__Htext2                          text2        000000
__Htext3                          text3        000000
__Htext4                          text4        000000
__Htext5                          text5        000000
__Htext6                          text6        000000
__Htext7                          text7        000000
__Htext8                          text8        000000
__Htext9                          text9        000000
__LRAM                            (abs)        000001
__Labs1                           abs1         000000
__Lbank0                          bank0        000000
__Lbank1                          bank1        000000
__Lbank10                         bank10       000000
__Lbank11                         bank11       000000
__Lbank12                         bank12       000000
__Lbank13                         bank13       000000
__Lbank14                         bank14       000000
__Lbank15                         bank15       000000
__Lbank2                          bank2        000000
__Lbank3                          bank3        000000
__Lbank4                          bank4        000000
__Lbank5                          bank5        000000
__Lbank6                          bank6        000000
__Lbank7                          bank7        000000
__Lbank8                          bank8        000000
__Lbank9                          bank9        000000
__Lbigbss                         bigbss       000000
__Lbigdata                        bigdata      000000
__Lbigram                         bigram       000000
__Lbss                            bss          000000
__LbssBANK0                       bssBANK0     000000
__LbssBANK1                       bssBANK1     000000
__LbssBANK2                       bssBANK2     000000
__LbssCOMRAM                      bssCOMRAM    000000
__Lcinit                          cinit        000000
__Lclrtext                        clrtext      000000
__Lcomram                         comram       000000
__Lconfig                         config       300000
__Lconst                          const        000000
__LcstackCOMRAM                   cstackCOMRAM 000000
__Ldata                           data         000000
__LdataCOMRAM                     dataCOMRAM   000000
__Leeprom_data                    eeprom_data  000000
__Lend_init                       end_init     000014
__Lfarbss                         farbss       000000
__Lfardata                        fardata      000000
__Libigdata                       ibigdata     000000
__Lidata                          idata        000000
__LidataCOMRAM                    idataCOMRAM  000000
__Lidloc                          idloc        200000
__Lifardata                       ifardata     000000
__Linit                           init         000014
__Lintcode                        intcode      000008
__Lintcode_body                   intcode_body 000000
__Lintcodelo                      intcodelo    000014
__Lintentry                       intentry     000000
__Lintret                         intret       000000
__Lintsave_regs                   intsave_regs 000000
__Lirdata                         irdata       000000
__Lmediumconst                    mediumconst  000000
__LnvFARRAM                       nvFARRAM     000000
__Lnvbit                          nvbit        000000
__Lnvrram                         nvrram       000000
__Lparam                          rparam       000000
__Lpowerup                        powerup      000014
__Lram                            ram          000000
__Lramtop                         ramtop       001000
__Lrbit                           rbit         000000
__Lrbss                           rbss         000000
__Lrdata                          rdata        000000
__Lreset_vec                      reset_vec    000000
__Lrparam                         rparam       000000
__Lsfr                            sfr          000000
__Lsmallconst                     smallconst   000000
__Lstruct                         struct       000000
__Ltemp                           temp         000000
__Ltext                           text         000000
__Ltext0                          text0        000000
__Ltext1                          text1        000000
__Ltext10                         text10       000000
__Ltext11                         text11       000000
__Ltext12                         text12       000000
__Ltext13                         text13       000000
__Ltext14                         text14       000000
__Ltext16                         text16       000000
__Ltext17                         text17       000000
__Ltext2                          text2        000000
__Ltext3                          text3        000000
__Ltext4                          text4        000000
__Ltext5                          text5        000000
__Ltext6                          text6        000000
__Ltext7                          text7        000000
__Ltext8                          text8        000000
__Ltext9                          text9        000000
__S0                              (abs)        30000E
__S1                              (abs)        000232
___extmem_base                    (abs)        020000
__accesstop                       (abs)        000060
__activetblptr                    (abs)        000000
__end_of_ClsUSART                 text14       001162
__end_of_ConfigInterrupts         text12       001174
__end_of_OpenTmr0                 text17       001156
__end_of_OpnUSART                 text13       0010B2
__end_of__initialization          cinit        0010F2
__end_of_checkCRC                 text11       000EDA
__end_of_clearResponse            text10       001124
__end_of_decodeIt                 text1        001046
__end_of_generateCRC              text9        000FA6
__end_of_isr                      intcode_body 000B76
__end_of_main                     text0        00113E
__end_of_modbusDelay              text16       00116C
__end_of_readCoil                 text8        00046C
__end_of_readInputCoil            text7        000242
__end_of_readInputReg             text5        000654
__end_of_readReg                  text6        00083C
__end_of_writeCoil                text4        000CAC
__end_of_writeMultipleRegs        text2        000A12
__end_of_writeReg                 text3        000DD4
__initialization                  cinit        0010B2
__mediumconst                     mediumconst  000000
__pbssBANK0                       bssBANK0     000060
__pbssBANK1                       bssBANK1     000100
__pbssBANK2                       bssBANK2     000200
__pbssCOMRAM                      bssCOMRAM    00003B
__pcinit                          cinit        0010B2
__pcstackCOMRAM                   cstackCOMRAM 000001
__pdataCOMRAM                     dataCOMRAM   000040
__pidataCOMRAM                    idataCOMRAM  001174
__pintcode                        intcode      000008
__pintcode_body                   intcode_body 000A12
__ptext0                          text0        001124
__ptext1                          text1        000FA6
__ptext10                         text10       0010F8
__ptext11                         text11       000DD4
__ptext12                         text12       00116C
__ptext13                         text13       001046
__ptext14                         text14       001156
__ptext16                         text16       001162
__ptext17                         text17       00113E
__ptext2                          text2        00083C
__ptext3                          text3        000CAC
__ptext4                          text4        000B76
__ptext5                          text5        00046C
__ptext6                          text6        000654
__ptext7                          text7        000018
__ptext8                          text8        000242
__ptext9                          text9        000EDA
__ramtop                          ramtop       001000
__size_of_ClsUSART                (abs)        000000
__size_of_ConfigInterrupts        (abs)        000000
__size_of_OpenTmr0                (abs)        000000
__size_of_OpnUSART                (abs)        000000
__size_of_checkCRC                (abs)        000000
__size_of_clearResponse           (abs)        000000
__size_of_decodeIt                (abs)        000000
__size_of_generateCRC             (abs)        000000
__size_of_isr                     (abs)        000000
__size_of_main                    (abs)        000000
__size_of_modbusDelay             (abs)        000000
__size_of_readCoil                (abs)        000000
__size_of_readInputCoil           (abs)        000000
__size_of_readInputReg            (abs)        000000
__size_of_readReg                 (abs)        000000
__size_of_writeCoil               (abs)        000000
__size_of_writeMultipleRegs       (abs)        000000
__size_of_writeReg                (abs)        000000
__smallconst                      smallconst   000000
_checkCRC                         text11       000DD4
_clearResponse                    text10       0010F8
_coils                            bssBANK2     000200
_decodeIt                         text1        000FA6
_endOfMessage                     bssCOMRAM    00003B
_generateCRC                      text9        000EDA
_holdingReg                       bssBANK1     00017D
_isr                              intcode      000008
_main                             text0        001124
_messageLength                    bssCOMRAM    00003C
_modbusDelay                      text16       001162
_modbusMessage                    bssCOMRAM    00003D
_newMessage                       dataCOMRAM   000040
_readCoil                         text8        000242
_readInputCoil                    text7        000018
_readInputReg                     text5        00046C
_readReg                          text6        000654
_received                         bssBANK1     000100
_response                         bssBANK0     000060
_timerCount                       bssCOMRAM    00003E
_writeCoil                        text4        000B76
_writeMultipleRegs                text2        00083C
_writeReg                         text3        000CAC
_z                                bssCOMRAM    00003F
checkCRC@crc                      cstackCOMRAM 000019
checkCRC@crcHigh                  cstackCOMRAM 000013
checkCRC@crcLow                   cstackCOMRAM 000015
checkCRC@i                        cstackCOMRAM 00001B
checkCRC@j                        cstackCOMRAM 000017
clearResponse@i                   cstackCOMRAM 000010
end_of_initialization             cinit        0010F2
generateCRC@crc                   cstackCOMRAM 00001C
generateCRC@crcHigh               cstackCOMRAM 000016
generateCRC@crcLow                cstackCOMRAM 000014
generateCRC@i                     cstackCOMRAM 000018
generateCRC@j                     cstackCOMRAM 00001A
generateCRC@messageLength         cstackCOMRAM 00000F
int_func                          intcode_body 000A12
intlevel0                         text         000000
intlevel1                         text         000000
intlevel2                         text         000000
intlevel3                         text         000000
readCoil@crc                      cstackCOMRAM 000022
readCoil@howManyBytes             cstackCOMRAM 000027
readCoil@i                        cstackCOMRAM 00002A
readCoil@j                        cstackCOMRAM 00002B
readCoil@k                        cstackCOMRAM 00002C
readCoil@l                        cstackCOMRAM 000028
readCoil@lsb                      cstackCOMRAM 000029
readCoil@rc_Address               cstackCOMRAM 000020
readCoil@rc_numCoils              cstackCOMRAM 000025
readCoil@remainder                cstackCOMRAM 000024
readInputCoil@crc                 cstackCOMRAM 000022
readInputCoil@howManyBytes        cstackCOMRAM 000027
readInputCoil@i                   cstackCOMRAM 00002A
readInputCoil@j                   cstackCOMRAM 00002B
readInputCoil@k                   cstackCOMRAM 00002C
readInputCoil@l                   cstackCOMRAM 000028
readInputCoil@lsb                 cstackCOMRAM 000029
readInputCoil@rc_Address          cstackCOMRAM 000020
readInputCoil@rc_numCoils         cstackCOMRAM 000025
readInputCoil@remainder           cstackCOMRAM 000024
readInputReg@crc                  cstackCOMRAM 000022
readInputReg@i                    cstackCOMRAM 000028
readInputReg@j                    cstackCOMRAM 00002A
readInputReg@rr_Address           cstackCOMRAM 000024
readInputReg@rr_numRegs           cstackCOMRAM 000026
readReg@crc                       cstackCOMRAM 000022
readReg@i                         cstackCOMRAM 000028
readReg@j                         cstackCOMRAM 00002A
readReg@rr_Address                cstackCOMRAM 000024
readReg@rr_numRegs                cstackCOMRAM 000026
start                             init         000014
start_initialization              cinit        0010B2
writeCoil@crc                     cstackCOMRAM 000029
writeCoil@i                       cstackCOMRAM 00002D
writeCoil@wc_Address              cstackCOMRAM 00002B
writeCoil@wc_AddressHigh          cstackCOMRAM 000021
writeCoil@wc_AddressLow           cstackCOMRAM 00001F
writeCoil@wc_valToWrite           cstackCOMRAM 000027
writeCoil@wc_valToWriteHigh       cstackCOMRAM 000025
writeCoil@wc_valToWriteLow        cstackCOMRAM 000023
writeMultipleRegs@crc             cstackCOMRAM 000036
writeMultipleRegs@i               cstackCOMRAM 000039
writeMultipleRegs@j               cstackCOMRAM 000038
writeMultipleRegs@valToWrite      cstackCOMRAM 000034
writeMultipleRegs@valToWriteHigh  cstackCOMRAM 000022
writeMultipleRegs@valToWriteLow   cstackCOMRAM 000024
writeMultipleRegs@wmr_Address     cstackCOMRAM 000032
writeMultipleRegs@wmr_AddressHigh cstackCOMRAM 000028
writeMultipleRegs@wmr_AddressLow  cstackCOMRAM 00002A
writeMultipleRegs@wmr_numBytes    cstackCOMRAM 000030
writeMultipleRegs@wmr_numRegs     cstackCOMRAM 000026
writeMultipleRegs@wmr_numRegsHigh cstackCOMRAM 00002C
writeMultipleRegs@wmr_numRegsLow  cstackCOMRAM 00002E
writeReg@crc                      cstackCOMRAM 00002C
writeReg@i                        cstackCOMRAM 00002E
writeReg@wr_Address               cstackCOMRAM 000028
writeReg@wr_AddressHigh           cstackCOMRAM 000022
writeReg@wr_AddressLow            cstackCOMRAM 000020
writeReg@wr_valToWrite            cstackCOMRAM 00002A
writeReg@wr_valToWriteHigh        cstackCOMRAM 000026
writeReg@wr_valToWriteLow         cstackCOMRAM 000024


FUNCTION INFORMATION:

 *************** function _main *****************
 Defined at:
		line 38 in file "main.c"
 Parameters:    Size  Location     Type
		None
 Auto vars:     Size  Location     Type
		None
 Return value:  Size  Location     Type
		None               void
 Registers used:
		wreg, fsr0l, fsr0h, fsr1l, fsr1h, fsr1l, fsr1h, fsr2l, fsr2h, status,2, status,0, pclat, btemp, btemp+1, btemp+2, btemp+3, btemp+4, btemp+5, btemp+6, btemp+7, tosl, structret, tblptrl, tblptrh, tblptru, prodl, prodh, bsr, cstack
 Tracked objects:
		On entry : 
		On exit  : 
		Unchanged: 
 Data sizes:     COMRAM   BANK0   BANK1   BANK2   BANK3   BANK4   BANK5   BANK6   BANK7   BANK8   BANK9  BANK10  BANK11  BANK12  BANK13  BANK14  BANK15
      Params:         0       0       0       0       0       0       0       0       0       0       0       0       0       0       0       0       0
      Locals:         0       0       0       0       0       0       0       0       0       0       0       0       0       0       0       0       0
      Temps:          0       0       0       0       0       0       0       0       0       0       0       0       0       0       0       0       0
      Totals:         0       0       0       0       0       0       0       0       0       0       0       0       0       0       0       0       0
Total ram usage:        0 bytes
 Hardware stack levels required when called:    5
 This function calls:
		_OpnUSART
		_ConfigInterrupts
		_decodeIt
 This function is called by:
		Startup code after reset
 This function uses a non-reentrant model


 *************** function _decodeIt *****************
 Defined at:
		line 50 in file "modbus.c"
 Parameters:    Size  Location     Type
		None
 Auto vars:     Size  Location     Type
		None
 Return value:  Size  Location     Type
		None               void
 Registers used:
		wreg, fsr0l, fsr0h, fsr1l, fsr1h, fsr1l, fsr1h, fsr2l, fsr2h, status,2, status,0, pclat, btemp, btemp+1, btemp+2, btemp+3, btemp+4, btemp+5, btemp+6, btemp+7, tosl, structret, tblptrl, tblptrh, tblptru, prodl, prodh, bsr, cstack
 Tracked objects:
		On entry : 
		On exit  : 
		Unchanged: 
 Data sizes:     COMRAM   BANK0   BANK1   BANK2   BANK3   BANK4   BANK5   BANK6   BANK7   BANK8   BANK9  BANK10  BANK11  BANK12  BANK13  BANK14  BANK15
      Params:         0       0       0       0       0       0       0       0       0       0       0       0       0       0       0       0       0
      Locals:         0       0       0       0       0       0       0       0       0       0       0       0       0       0       0       0       0
      Temps:          0       0       0       0       0       0       0       0       0       0       0       0       0       0       0       0       0
      Totals:         0       0       0       0       0       0       0       0       0       0       0       0       0       0       0       0       0
Total ram usage:        0 bytes
 Hardware stack levels used:    1
 Hardware stack levels required when called:    4
 This function calls:
		_checkCRC
		_readCoil
		_readInputCoil
		_readReg
		_readInputReg
		_writeCoil
		_writeReg
		_writeMultipleRegs
 This function is called by:
		_main
 This function uses a non-reentrant model


 *************** function _writeMultipleRegs *****************
 Defined at:
		line 248 in file "modbus.c"
 Parameters:    Size  Location     Type
		None
 Auto vars:     Size  Location     Type
  i               2   56[COMRAM] unsigned int 
  crc             2   53[COMRAM] unsigned int 
  valToWrite      2   51[COMRAM] unsigned int 
  wmr_Address     2   49[COMRAM] unsigned int 
  wmr_numBytes    2   47[COMRAM] unsigned int 
  wmr_numRegsL    2   45[COMRAM] unsigned int 
  wmr_numRegsH    2   43[COMRAM] unsigned int 
  wmr_AddressL    2   41[COMRAM] unsigned int 
  wmr_AddressH    2   39[COMRAM] unsigned int 
  wmr_numRegs     2   37[COMRAM] unsigned int 
  valToWriteLo    2   35[COMRAM] unsigned int 
  valToWriteHi    2   33[COMRAM] unsigned int 
  j               1   55[COMRAM] unsigned char 
 Return value:  Size  Location     Type
		None               void
 Registers used:
		wreg, fsr2l, fsr2h, status,2, status,0, prodl, prodh, cstack
 Tracked objects:
		On entry : 
		On exit  : 
		Unchanged: 
 Data sizes:     COMRAM   BANK0   BANK1   BANK2   BANK3   BANK4   BANK5   BANK6   BANK7   BANK8   BANK9  BANK10  BANK11  BANK12  BANK13  BANK14  BANK15
      Params:         0       0       0       0       0       0       0       0       0       0       0       0       0       0       0       0       0
      Locals:        25       0       0       0       0       0       0       0       0       0       0       0       0       0       0       0       0
      Temps:          4       0       0       0       0       0       0       0       0       0       0       0       0       0       0       0       0
      Totals:        29       0       0       0       0       0       0       0       0       0       0       0       0       0       0       0       0
Total ram usage:       29 bytes
 Hardware stack levels used:    1
 Hardware stack levels required when called:    3
 This function calls:
		_clearResponse
		_generateCRC
 This function is called by:
		_decodeIt
 This function uses a non-reentrant model


 *************** function _writeReg *****************
 Defined at:
		line 191 in file "modbus.c"
 Parameters:    Size  Location     Type
		None
 Auto vars:     Size  Location     Type
  i               2   45[COMRAM] unsigned int 
  crc             2   43[COMRAM] unsigned int 
  wr_valToWrit    2   41[COMRAM] unsigned int 
  wr_Address      2   39[COMRAM] unsigned int 
  wr_valToWrit    2   37[COMRAM] unsigned int 
  wr_valToWrit    2   35[COMRAM] unsigned int 
  wr_AddressHi    2   33[COMRAM] unsigned int 
  wr_AddressLo    2   31[COMRAM] unsigned int 
 Return value:  Size  Location     Type
		None               void
 Registers used:
		wreg, fsr2l, fsr2h, status,2, status,0, prodl, prodh, cstack
 Tracked objects:
		On entry : 
		On exit  : 
		Unchanged: 
 Data sizes:     COMRAM   BANK0   BANK1   BANK2   BANK3   BANK4   BANK5   BANK6   BANK7   BANK8   BANK9  BANK10  BANK11  BANK12  BANK13  BANK14  BANK15
      Params:         0       0       0       0       0       0       0       0       0       0       0       0       0       0       0       0       0
      Locals:        16       0       0       0       0       0       0       0       0       0       0       0       0       0       0       0       0
      Temps:          2       0       0       0       0       0       0       0       0       0       0       0       0       0       0       0       0
      Totals:        18       0       0       0       0       0       0       0       0       0       0       0       0       0       0       0       0
Total ram usage:       18 bytes
 Hardware stack levels used:    1
 Hardware stack levels required when called:    3
 This function calls:
		_clearResponse
		_generateCRC
 This function is called by:
		_decodeIt
 This function uses a non-reentrant model


 *************** function _writeCoil *****************
 Defined at:
		line 485 in file "modbus.c"
 Parameters:    Size  Location     Type
		None
 Auto vars:     Size  Location     Type
  i               2   44[COMRAM] int 
  wc_Address      2   42[COMRAM] unsigned int 
  crc             2   40[COMRAM] unsigned int 
  wc_valToWrit    2   38[COMRAM] unsigned int 
  wc_valToWrit    2   36[COMRAM] unsigned int 
  wc_valToWrit    2   34[COMRAM] unsigned int 
  wc_AddressHi    2   32[COMRAM] unsigned int 
  wc_AddressLo    2   30[COMRAM] unsigned int 
 Return value:  Size  Location     Type
		None               void
 Registers used:
		wreg, fsr2l, fsr2h, status,2, status,0, prodl, prodh, cstack
 Tracked objects:
		On entry : 
		On exit  : 
		Unchanged: 
 Data sizes:     COMRAM   BANK0   BANK1   BANK2   BANK3   BANK4   BANK5   BANK6   BANK7   BANK8   BANK9  BANK10  BANK11  BANK12  BANK13  BANK14  BANK15
      Params:         0       0       0       0       0       0       0       0       0       0       0       0       0       0       0       0       0
      Locals:        16       0       0       0       0       0       0       0       0       0       0       0       0       0       0       0       0
      Temps:          1       0       0       0       0       0       0       0       0       0       0       0       0       0       0       0       0
      Totals:        17       0       0       0       0       0       0       0       0       0       0       0       0       0       0       0       0
Total ram usage:       17 bytes
 Hardware stack levels used:    1
 Hardware stack levels required when called:    3
 This function calls:
		_clearResponse
		_generateCRC
 This function is called by:
		_decodeIt
 This function uses a non-reentrant model


 *************** function _readInputReg *****************
 Defined at:
		line 137 in file "modbus.c"
 Parameters:    Size  Location     Type
		None
 Auto vars:     Size  Location     Type
  i               2   39[COMRAM] unsigned int 
  rr_numRegs      2   37[COMRAM] unsigned int 
  rr_Address      2   35[COMRAM] unsigned int 
  crc             2   33[COMRAM] unsigned int 
  j               1   41[COMRAM] unsigned char 
 Return value:  Size  Location     Type
		None               void
 Registers used:
		wreg, fsr1l, fsr1h, fsr2l, fsr2h, status,2, status,0, prodl, prodh, cstack
 Tracked objects:
		On entry : 
		On exit  : 
		Unchanged: 
 Data sizes:     COMRAM   BANK0   BANK1   BANK2   BANK3   BANK4   BANK5   BANK6   BANK7   BANK8   BANK9  BANK10  BANK11  BANK12  BANK13  BANK14  BANK15
      Params:         0       0       0       0       0       0       0       0       0       0       0       0       0       0       0       0       0
      Locals:         9       0       0       0       0       0       0       0       0       0       0       0       0       0       0       0       0
      Temps:          4       0       0       0       0       0       0       0       0       0       0       0       0       0       0       0       0
      Totals:        13       0       0       0       0       0       0       0       0       0       0       0       0       0       0       0       0
Total ram usage:       13 bytes
 Hardware stack levels used:    1
 Hardware stack levels required when called:    3
 This function calls:
		_clearResponse
		_generateCRC
 This function is called by:
		_decodeIt
 This function uses a non-reentrant model


 *************** function _readReg *****************
 Defined at:
		line 83 in file "modbus.c"
 Parameters:    Size  Location     Type
		None
 Auto vars:     Size  Location     Type
  i               2   39[COMRAM] unsigned int 
  rr_numRegs      2   37[COMRAM] unsigned int 
  rr_Address      2   35[COMRAM] unsigned int 
  crc             2   33[COMRAM] unsigned int 
  j               1   41[COMRAM] unsigned char 
 Return value:  Size  Location     Type
		None               void
 Registers used:
		wreg, fsr1l, fsr1h, fsr2l, fsr2h, status,2, status,0, prodl, prodh, cstack
 Tracked objects:
		On entry : 
		On exit  : 
		Unchanged: 
 Data sizes:     COMRAM   BANK0   BANK1   BANK2   BANK3   BANK4   BANK5   BANK6   BANK7   BANK8   BANK9  BANK10  BANK11  BANK12  BANK13  BANK14  BANK15
      Params:         0       0       0       0       0       0       0       0       0       0       0       0       0       0       0       0       0
      Locals:         9       0       0       0       0       0       0       0       0       0       0       0       0       0       0       0       0
      Temps:          4       0       0       0       0       0       0       0       0       0       0       0       0       0       0       0       0
      Totals:        13       0       0       0       0       0       0       0       0       0       0       0       0       0       0       0       0
Total ram usage:       13 bytes
 Hardware stack levels used:    1
 Hardware stack levels required when called:    3
 This function calls:
		_clearResponse
		_generateCRC
 This function is called by:
		_decodeIt
 This function uses a non-reentrant model


 *************** function _readInputCoil *****************
 Defined at:
		line 405 in file "modbus.c"
 Parameters:    Size  Location     Type
		None
 Auto vars:     Size  Location     Type
  rc_numCoils     2   36[COMRAM] unsigned int 
  crc             2   33[COMRAM] unsigned int 
  rc_Address      2   31[COMRAM] unsigned int 
  k               1   43[COMRAM] unsigned char 
  j               1   42[COMRAM] unsigned char 
  i               1   41[COMRAM] unsigned char 
  lsb             1   40[COMRAM] unsigned char 
  l               1   39[COMRAM] unsigned char 
  howManyBytes    1   38[COMRAM] unsigned char 
  remainder       1   35[COMRAM] unsigned char 
 Return value:  Size  Location     Type
		None               void
 Registers used:
		wreg, fsr2l, fsr2h, status,2, status,0, prodl, prodh, cstack
 Tracked objects:
		On entry : 
		On exit  : 
		Unchanged: 
 Data sizes:     COMRAM   BANK0   BANK1   BANK2   BANK3   BANK4   BANK5   BANK6   BANK7   BANK8   BANK9  BANK10  BANK11  BANK12  BANK13  BANK14  BANK15
      Params:         0       0       0       0       0       0       0       0       0       0       0       0       0       0       0       0       0
      Locals:        13       0       0       0       0       0       0       0       0       0       0       0       0       0       0       0       0
      Temps:          2       0       0       0       0       0       0       0       0       0       0       0       0       0       0       0       0
      Totals:        15       0       0       0       0       0       0       0       0       0       0       0       0       0       0       0       0
Total ram usage:       15 bytes
 Hardware stack levels used:    1
 Hardware stack levels required when called:    3
 This function calls:
		_clearResponse
		_generateCRC
 This function is called by:
		_decodeIt
 This function uses a non-reentrant model


 *************** function _readCoil *****************
 Defined at:
		line 325 in file "modbus.c"
 Parameters:    Size  Location     Type
		None
 Auto vars:     Size  Location     Type
  rc_numCoils     2   36[COMRAM] unsigned int 
  crc             2   33[COMRAM] unsigned int 
  rc_Address      2   31[COMRAM] unsigned int 
  k               1   43[COMRAM] unsigned char 
  j               1   42[COMRAM] unsigned char 
  i               1   41[COMRAM] unsigned char 
  lsb             1   40[COMRAM] unsigned char 
  l               1   39[COMRAM] unsigned char 
  howManyBytes    1   38[COMRAM] unsigned char 
  remainder       1   35[COMRAM] unsigned char 
 Return value:  Size  Location     Type
		None               void
 Registers used:
		wreg, fsr2l, fsr2h, status,2, status,0, prodl, prodh, cstack
 Tracked objects:
		On entry : 
		On exit  : 
		Unchanged: 
 Data sizes:     COMRAM   BANK0   BANK1   BANK2   BANK3   BANK4   BANK5   BANK6   BANK7   BANK8   BANK9  BANK10  BANK11  BANK12  BANK13  BANK14  BANK15
      Params:         0       0       0       0       0       0       0       0       0       0       0       0       0       0       0       0       0
      Locals:        13       0       0       0       0       0       0       0       0       0       0       0       0       0       0       0       0
      Temps:          2       0       0       0       0       0       0       0       0       0       0       0       0       0       0       0       0
      Totals:        15       0       0       0       0       0       0       0       0       0       0       0       0       0       0       0       0
Total ram usage:       15 bytes
 Hardware stack levels used:    1
 Hardware stack levels required when called:    3
 This function calls:
		_clearResponse
		_generateCRC
 This function is called by:
		_decodeIt
 This function uses a non-reentrant model


 *************** function _generateCRC *****************
 Defined at:
		line 546 in file "modbus.c"
 Parameters:    Size  Location     Type
  messageLengt    1   14[COMRAM] unsigned char 
 Auto vars:     Size  Location     Type
  crc             2   27[COMRAM] unsigned int 
  j               2   25[COMRAM] int 
  i               2   23[COMRAM] int 
  crcHigh         2   21[COMRAM] unsigned int 
  crcLow          2   19[COMRAM] unsigned int 
 Return value:  Size  Location     Type
                  2   14[COMRAM] unsigned int 
 Registers used:
		wreg, fsr2l, fsr2h, status,2, status,0
 Tracked objects:
		On entry : 
		On exit  : 
		Unchanged: 
 Data sizes:     COMRAM   BANK0   BANK1   BANK2   BANK3   BANK4   BANK5   BANK6   BANK7   BANK8   BANK9  BANK10  BANK11  BANK12  BANK13  BANK14  BANK15
      Params:         2       0       0       0       0       0       0       0       0       0       0       0       0       0       0       0       0
      Locals:        10       0       0       0       0       0       0       0       0       0       0       0       0       0       0       0       0
      Temps:          3       0       0       0       0       0       0       0       0       0       0       0       0       0       0       0       0
      Totals:        15       0       0       0       0       0       0       0       0       0       0       0       0       0       0       0       0
Total ram usage:       15 bytes
 Hardware stack levels used:    1
 Hardware stack levels required when called:    2
 This function calls:
		Nothing
 This function is called by:
		_readReg
		_readInputReg
		_writeReg
		_writeMultipleRegs
		_readCoil
		_readInputCoil
		_writeCoil
 This function uses a non-reentrant model


 *************** function _clearResponse *****************
 Defined at:
		line 42 in file "modbus.c"
 Parameters:    Size  Location     Type
		None
 Auto vars:     Size  Location     Type
  i               1   15[COMRAM] unsigned char 
 Return value:  Size  Location     Type
		None               void
 Registers used:
		wreg, fsr2l, fsr2h, status,2, status,0, prodl, prodh
 Tracked objects:
		On entry : 
		On exit  : 
		Unchanged: 
 Data sizes:     COMRAM   BANK0   BANK1   BANK2   BANK3   BANK4   BANK5   BANK6   BANK7   BANK8   BANK9  BANK10  BANK11  BANK12  BANK13  BANK14  BANK15
      Params:         0       0       0       0       0       0       0       0       0       0       0       0       0       0       0       0       0
      Locals:         1       0       0       0       0       0       0       0       0       0       0       0       0       0       0       0       0
      Temps:          1       0       0       0       0       0       0       0       0       0       0       0       0       0       0       0       0
      Totals:         2       0       0       0       0       0       0       0       0       0       0       0       0       0       0       0       0
Total ram usage:        2 bytes
 Hardware stack levels used:    1
 Hardware stack levels required when called:    2
 This function calls:
		Nothing
 This function is called by:
		_readReg
		_readInputReg
		_writeReg
		_writeMultipleRegs
		_readCoil
		_readInputCoil
		_writeCoil
 This function uses a non-reentrant model


 *************** function _checkCRC *****************
 Defined at:
		line 573 in file "modbus.c"
 Parameters:    Size  Location     Type
		None
 Auto vars:     Size  Location     Type
  i               2   26[COMRAM] int 
  crc             2   24[COMRAM] unsigned int 
  j               2   22[COMRAM] int 
  crcLow          2   20[COMRAM] unsigned int 
  crcHigh         2   18[COMRAM] unsigned int 
 Return value:  Size  Location     Type
                  1    wreg      unsigned char 
 Registers used:
		wreg, fsr2l, fsr2h, status,2, status,0
 Tracked objects:
		On entry : 
		On exit  : 
		Unchanged: 
 Data sizes:     COMRAM   BANK0   BANK1   BANK2   BANK3   BANK4   BANK5   BANK6   BANK7   BANK8   BANK9  BANK10  BANK11  BANK12  BANK13  BANK14  BANK15
      Params:         0       0       0       0       0       0       0       0       0       0       0       0       0       0       0       0       0
      Locals:        10       0       0       0       0       0       0       0       0       0       0       0       0       0       0       0       0
      Temps:          4       0       0       0       0       0       0       0       0       0       0       0       0       0       0       0       0
      Totals:        14       0       0       0       0       0       0       0       0       0       0       0       0       0       0       0       0
Total ram usage:       14 bytes
 Hardware stack levels used:    1
 Hardware stack levels required when called:    2
 This function calls:
		Nothing
 This function is called by:
		_decodeIt
 This function uses a non-reentrant model


 *************** function _ConfigInterrupts *****************
 Defined at:
		line 121 in file "system.c"
 Parameters:    Size  Location     Type
		None
 Auto vars:     Size  Location     Type
		None
 Return value:  Size  Location     Type
		None               void
 Registers used:
		None
 Tracked objects:
		On entry : 
		On exit  : 
		Unchanged: 
 Data sizes:     COMRAM   BANK0   BANK1   BANK2   BANK3   BANK4   BANK5   BANK6   BANK7   BANK8   BANK9  BANK10  BANK11  BANK12  BANK13  BANK14  BANK15
      Params:         0       0       0       0       0       0       0       0       0       0       0       0       0       0       0       0       0
      Locals:         0       0       0       0       0       0       0       0       0       0       0       0       0       0       0       0       0
      Temps:          0       0       0       0       0       0       0       0       0       0       0       0       0       0       0       0       0
      Totals:         0       0       0       0       0       0       0       0       0       0       0       0       0       0       0       0       0
Total ram usage:        0 bytes
 Hardware stack levels used:    1
 Hardware stack levels required when called:    2
 This function calls:
		Nothing
 This function is called by:
		_main
 This function uses a non-reentrant model


 *************** function _OpnUSART *****************
 Defined at:
		line 24 in file "system.c"
 Parameters:    Size  Location     Type
		None
 Auto vars:     Size  Location     Type
  spbrg           4   15[COMRAM] unsigned long 
 Return value:  Size  Location     Type
		None               void
 Registers used:
		wreg, status,2, status,0, cstack
 Tracked objects:
		On entry : 
		On exit  : 
		Unchanged: 
 Data sizes:     COMRAM   BANK0   BANK1   BANK2   BANK3   BANK4   BANK5   BANK6   BANK7   BANK8   BANK9  BANK10  BANK11  BANK12  BANK13  BANK14  BANK15
      Params:         0       0       0       0       0       0       0       0       0       0       0       0       0       0       0       0       0
      Locals:         4       0       0       0       0       0       0       0       0       0       0       0       0       0       0       0       0
      Temps:          1       0       0       0       0       0       0       0       0       0       0       0       0       0       0       0       0
      Totals:         5       0       0       0       0       0       0       0       0       0       0       0       0       0       0       0       0
Total ram usage:        5 bytes
 Hardware stack levels used:    1
 Hardware stack levels required when called:    3
 This function calls:
		_ClsUSART
 This function is called by:
		_main
 This function uses a non-reentrant model


 *************** function _ClsUSART *****************
 Defined at:
		line 88 in file "system.c"
 Parameters:    Size  Location     Type
		None
 Auto vars:     Size  Location     Type
		None
 Return value:  Size  Location     Type
		None               void
 Registers used:
		wreg, status,2, status,0
 Tracked objects:
		On entry : 
		On exit  : 
		Unchanged: 
 Data sizes:     COMRAM   BANK0   BANK1   BANK2   BANK3   BANK4   BANK5   BANK6   BANK7   BANK8   BANK9  BANK10  BANK11  BANK12  BANK13  BANK14  BANK15
      Params:         0       0       0       0       0       0       0       0       0       0       0       0       0       0       0       0       0
      Locals:         0       0       0       0       0       0       0       0       0       0       0       0       0       0       0       0       0
      Temps:          0       0       0       0       0       0       0       0       0       0       0       0       0       0       0       0       0
      Totals:         0       0       0       0       0       0       0       0       0       0       0       0       0       0       0       0       0
Total ram usage:        0 bytes
 Hardware stack levels used:    1
 Hardware stack levels required when called:    2
 This function calls:
		Nothing
 This function is called by:
		_OpnUSART
 This function uses a non-reentrant model


 *************** function _isr *****************
 Defined at:
		line 28 in file "interrupts.c"
 Parameters:    Size  Location     Type
		None
 Auto vars:     Size  Location     Type
		None
 Return value:  Size  Location     Type
		None               void
 Registers used:
		wreg, fsr2l, fsr2h, status,2, status,0, prodl, prodh, cstack
 Tracked objects:
		On entry : 
		On exit  : 
		Unchanged: 
 Data sizes:     COMRAM   BANK0   BANK1   BANK2   BANK3   BANK4   BANK5   BANK6   BANK7   BANK8   BANK9  BANK10  BANK11  BANK12  BANK13  BANK14  BANK15
      Params:         0       0       0       0       0       0       0       0       0       0       0       0       0       0       0       0       0
      Locals:         0       0       0       0       0       0       0       0       0       0       0       0       0       0       0       0       0
      Temps:         14       0       0       0       0       0       0       0       0       0       0       0       0       0       0       0       0
      Totals:        14       0       0       0       0       0       0       0       0       0       0       0       0       0       0       0       0
Total ram usage:       14 bytes
 Hardware stack levels used:    1
 Hardware stack levels required when called:    1
 This function calls:
		_OpenTmr0
		_modbusDelay
 This function is called by:
		Interrupt level 2
 This function uses a non-reentrant model


 *************** function _modbusDelay *****************
 Defined at:
		line 35 in file "modbus.c"
 Parameters:    Size  Location     Type
		None
 Auto vars:     Size  Location     Type
		None
 Return value:  Size  Location     Type
		None               void
 Registers used:
		wreg, status,2
 Tracked objects:
		On entry : 
		On exit  : 
		Unchanged: 
 Data sizes:     COMRAM   BANK0   BANK1   BANK2   BANK3   BANK4   BANK5   BANK6   BANK7   BANK8   BANK9  BANK10  BANK11  BANK12  BANK13  BANK14  BANK15
      Params:         0       0       0       0       0       0       0       0       0       0       0       0       0       0       0       0       0
      Locals:         0       0       0       0       0       0       0       0       0       0       0       0       0       0       0       0       0
      Temps:          0       0       0       0       0       0       0       0       0       0       0       0       0       0       0       0       0
      Totals:         0       0       0       0       0       0       0       0       0       0       0       0       0       0       0       0       0
Total ram usage:        0 bytes
 Hardware stack levels used:    1
 This function calls:
		Nothing
 This function is called by:
		_isr
 This function uses a non-reentrant model


 *************** function _OpenTmr0 *****************
 Defined at:
		line 102 in file "system.c"
 Parameters:    Size  Location     Type
		None
 Auto vars:     Size  Location     Type
		None
 Return value:  Size  Location     Type
		None               void
 Registers used:
		wreg, status,2
 Tracked objects:
		On entry : 
		On exit  : 
		Unchanged: 
 Data sizes:     COMRAM   BANK0   BANK1   BANK2   BANK3   BANK4   BANK5   BANK6   BANK7   BANK8   BANK9  BANK10  BANK11  BANK12  BANK13  BANK14  BANK15
      Params:         0       0       0       0       0       0       0       0       0       0       0       0       0       0       0       0       0
      Locals:         0       0       0       0       0       0       0       0       0       0       0       0       0       0       0       0       0
      Temps:          0       0       0       0       0       0       0       0       0       0       0       0       0       0       0       0       0
      Totals:         0       0       0       0       0       0       0       0       0       0       0       0       0       0       0       0       0
Total ram usage:        0 bytes
 Hardware stack levels used:    1
 This function calls:
		Nothing
 This function is called by:
		_isr
 This function uses a non-reentrant model



MODULE INFORMATION

Module		Function		Class		Link	Load	Size
shared
		__initializatio		CODE           	10B2	0000	64

shared estimated size: 64

main.c
		_main          		CODE           	1124	0000	26

main.c estimated size: 26

system.c
		_ClsUSART      		CODE           	1156	0000	12
		_OpnUSART      		CODE           	1046	0000	108
		_OpenTmr0      		CODE           	113E	0000	24
		_ConfigInterrup		CODE           	116C	0000	8

system.c estimated size: 152

interrupts.c
		_isr           		CODE           	0008	0000	2926

interrupts.c estimated size: 2926

modbus.c
		_writeCoil     		CODE           	0B76	0000	310
		_checkCRC      		CODE           	0DD4	0000	262
		_readCoil      		CODE           	0242	0000	554
		_decodeIt      		CODE           	0FA6	0000	160
		_writeReg      		CODE           	0CAC	0000	296
		_generateCRC   		CODE           	0EDA	0000	204
		_clearResponse 		CODE           	10F8	0000	44
		_readInputReg  		CODE           	046C	0000	488
		_readInputCoil 		CODE           	0018	0000	554
		_modbusDelay   		CODE           	1162	0000	10
		_readReg       		CODE           	0654	0000	488
		_writeMultipleR		CODE           	083C	0000	470

modbus.c estimated size: 3840

